// Jest Snapshot v1, https://goo.gl/fbAQLP

exports[`AliOSSImageProcessingUtil getAliOSSImageAutoOrientAPI auto origent 1`] = `"https://image-demo.oss-cn-hangzhou.aliyuncs.com/example.jpg?x-oss-process=image%2Fauto-orient%2C1"`;

exports[`AliOSSImageProcessingUtil getAliOSSImageAutoOrientAPI not auto origent 1`] = `"https://image-demo.oss-cn-hangzhou.aliyuncs.com/example.jpg?x-oss-process=image%2Fauto-orient%2C0"`;

exports[`AliOSSImageProcessingUtil getAliOSSImageCircleAPI radius is normal 1`] = `"https://image-demo.oss-cn-hangzhou.aliyuncs.com/example.jpg?x-oss-process=image%2Fcircle%2Cr_100"`;

exports[`AliOSSImageProcessingUtil getAliOSSImageCropAPI set width and height 1`] = `"https://image-demo.oss-cn-hangzhou.aliyuncs.com/example.jpg?x-oss-process=image%2Fcrop%2Ch_100%2Cw_100"`;

exports[`AliOSSImageProcessingUtil getAliOSSImageIndexcropAPI x is 100 and i is 0 1`] = `"https://image-demo.oss-cn-hangzhou.aliyuncs.com/example.jpg?x-oss-process=image%2Findexcrop%2Ci_100%2Cx_100"`;

exports[`AliOSSImageProcessingUtil getAliOSSImageProcessingAPI mutiple operation 1`] = `"https://image-demo.oss-cn-hangzhou.aliyuncs.com/example.jpg?x-oss-process=image%2Fresize%2Ch_200%2Cw_200%2Frotate%2C90"`;

exports[`AliOSSImageProcessingUtil getAliOSSImageResizeAPI with mode mode is fill 1`] = `"https://image-demo.oss-cn-hangzhou.aliyuncs.com/example.jpg?x-oss-process=image%2Fresize%2Cm_fill%2Cw_200"`;

exports[`AliOSSImageProcessingUtil getAliOSSImageResizeAPI with mode mode is fixed 1`] = `"https://image-demo.oss-cn-hangzhou.aliyuncs.com/example.jpg?x-oss-process=image%2Fresize%2Cm_fixed%2Cw_200"`;

exports[`AliOSSImageProcessingUtil getAliOSSImageResizeAPI with mode mode is lfit 1`] = `"https://image-demo.oss-cn-hangzhou.aliyuncs.com/example.jpg?x-oss-process=image%2Fresize%2Cm_lfit%2Cw_200"`;

exports[`AliOSSImageProcessingUtil getAliOSSImageResizeAPI with mode mode is mfit 1`] = `"https://image-demo.oss-cn-hangzhou.aliyuncs.com/example.jpg?x-oss-process=image%2Fresize%2Cm_mfit%2Cw_200"`;

exports[`AliOSSImageProcessingUtil getAliOSSImageResizeAPI with mode mode is pad 1`] = `"https://image-demo.oss-cn-hangzhou.aliyuncs.com/example.jpg?x-oss-process=image%2Fresize%2Cm_pad%2Cw_200"`;

exports[`AliOSSImageProcessingUtil getAliOSSImageRotateAPI set rotate 1`] = `"https://image-demo.oss-cn-hangzhou.aliyuncs.com/example.jpg?x-oss-process=image%2Frotate%2C30"`;

exports[`AliOSSImageProcessingUtil getAliOSSImageRoundedCornersAPI set radius 1`] = `"https://image-demo.oss-cn-hangzhou.aliyuncs.com/example.jpg?x-oss-process=image%2Frounded-corners%2Cr_30"`;

exports[`AliOSSImageProcessingUtil origin url with query with params 1`] = `"https://image-demo.oss-cn-hangzhou.aliyuncs.com/example.jpg?param1=1&param2=a&x-oss-process=image%2Fauto-orient%2C0"`;

exports[`AliOSSImageProcessingUtil origin url with query with params 2`] = `"https://image-demo.oss-cn-hangzhou.aliyuncs.com/example.jpg?param1=1&param2=a&x-oss-process=image%2Fauto-orient%2C0"`;

exports[`AliOSSImageProcessingUtil origin url with query without param 1`] = `"https://image-demo.oss-cn-hangzhou.aliyuncs.com/example.jpg?x-oss-process=image%2Fauto-orient%2C0"`;
